=== Expected to be solved at depth 0 ===
Start State:
(1, 2, 3)
(4, 5, 6)
(7, 8, 0)

Algorithm: Uniform Cost Search
States Expanded:
Goal State Reached at Depth 0
(1, 2, 3)
(4, 5, 6)
(7, 8, 0)
0 States Expanded to Reach Solution
Max Queue Size: 1

Algorithm: A* with the Misplaced Tile heuristic
States Expanded:
Goal State Reached at Depth 0
(1, 2, 3)
(4, 5, 6)
(7, 8, 0)
0 States Expanded to Reach Solution
Max Queue Size: 1

Algorithm: A* with the Manhattan Distance heuristic
States Expanded:
Goal State Reached at Depth 0
(1, 2, 3)
(4, 5, 6)
(7, 8, 0)
0 States Expanded to Reach Solution
Max Queue Size: 1
=== Expected to be solved at depth 2 ===
Start State:
(1, 2, 3)
(4, 5, 6)
(0, 7, 8)

Algorithm: Uniform Cost Search
States Expanded:
Beginning State:
(1, 2, 3)
(4, 5, 6)
(0, 7, 8)
State 1 Expanded:
(1, 2, 3)
(4, 5, 6)
(7, 0, 8)
Goal State Reached at Depth 2
(1, 2, 3)
(4, 5, 6)
(7, 8, 0)
5 States Expanded to Reach Solution
Max Queue Size: 6

Algorithm: A* with the Misplaced Tile heuristic
States Expanded:
Beginning State:
(1, 2, 3)
(4, 5, 6)
(0, 7, 8)
State 1 Expanded:
(1, 2, 3)
(4, 5, 6)
(7, 0, 8)
Goal State Reached at Depth 2
(1, 2, 3)
(4, 5, 6)
(7, 8, 0)
2 States Expanded to Reach Solution
Max Queue Size: 3

Algorithm: A* with the Manhattan Distance heuristic
States Expanded:
Beginning State:
(1, 2, 3)
(4, 5, 6)
(0, 7, 8)
State 1 Expanded:
(1, 2, 3)
(4, 5, 6)
(7, 0, 8)
Goal State Reached at Depth 2
(1, 2, 3)
(4, 5, 6)
(7, 8, 0)
2 States Expanded to Reach Solution
Max Queue Size: 3
=== Expected to be solved at depth 4 ===
Start State:
(1, 2, 3)
(5, 0, 6)
(4, 7, 8)

Algorithm: Uniform Cost Search
States Expanded:
Beginning State:
(1, 2, 3)
(5, 0, 6)
(4, 7, 8)
State 1 Expanded:
(1, 2, 3)
(0, 5, 6)
(4, 7, 8)
State 2 Expanded:
(1, 2, 3)
(4, 5, 6)
(0, 7, 8)
State 3 Expanded:
(1, 2, 3)
(4, 5, 6)
(7, 0, 8)
Goal State Reached at Depth 4
(1, 2, 3)
(4, 5, 6)
(7, 8, 0)
25 States Expanded to Reach Solution
Max Queue Size: 18

Algorithm: A* with the Misplaced Tile heuristic
States Expanded:
Beginning State:
(1, 2, 3)
(5, 0, 6)
(4, 7, 8)
State 1 Expanded:
(1, 2, 3)
(0, 5, 6)
(4, 7, 8)
State 2 Expanded:
(1, 2, 3)
(4, 5, 6)
(0, 7, 8)
State 3 Expanded:
(1, 2, 3)
(4, 5, 6)
(7, 0, 8)
Goal State Reached at Depth 4
(1, 2, 3)
(4, 5, 6)
(7, 8, 0)
4 States Expanded to Reach Solution
Max Queue Size: 6

Algorithm: A* with the Manhattan Distance heuristic
States Expanded:
Beginning State:
(1, 2, 3)
(5, 0, 6)
(4, 7, 8)
State 1 Expanded:
(1, 2, 3)
(0, 5, 6)
(4, 7, 8)
State 2 Expanded:
(1, 2, 3)
(4, 5, 6)
(0, 7, 8)
State 3 Expanded:
(1, 2, 3)
(4, 5, 6)
(7, 0, 8)
Goal State Reached at Depth 4
(1, 2, 3)
(4, 5, 6)
(7, 8, 0)
4 States Expanded to Reach Solution
Max Queue Size: 6
=== Expected to be solved at depth 8 ===
Start State:
(1, 3, 6)
(5, 0, 2)
(4, 7, 8)

Algorithm: Uniform Cost Search
States Expanded:
Beginning State:
(1, 3, 6)
(5, 0, 2)
(4, 7, 8)
State 1 Expanded:
(1, 3, 6)
(5, 2, 0)
(4, 7, 8)
State 2 Expanded:
(1, 3, 0)
(5, 2, 6)
(4, 7, 8)
State 3 Expanded:
(1, 0, 3)
(5, 2, 6)
(4, 7, 8)
State 4 Expanded:
(1, 2, 3)
(5, 0, 6)
(4, 7, 8)
State 5 Expanded:
(1, 2, 3)
(0, 5, 6)
(4, 7, 8)
State 6 Expanded:
(1, 2, 3)
(4, 5, 6)
(0, 7, 8)
State 7 Expanded:
(1, 2, 3)
(4, 5, 6)
(7, 0, 8)
Goal State Reached at Depth 8
(1, 2, 3)
(4, 5, 6)
(7, 8, 0)
228 States Expanded to Reach Solution
Max Queue Size: 145

Algorithm: A* with the Misplaced Tile heuristic
States Expanded:
Beginning State:
(1, 3, 6)
(5, 0, 2)
(4, 7, 8)
State 1 Expanded:
(1, 3, 6)
(5, 2, 0)
(4, 7, 8)
State 2 Expanded:
(1, 3, 0)
(5, 2, 6)
(4, 7, 8)
State 3 Expanded:
(1, 0, 3)
(5, 2, 6)
(4, 7, 8)
State 4 Expanded:
(1, 2, 3)
(5, 0, 6)
(4, 7, 8)
State 5 Expanded:
(1, 2, 3)
(0, 5, 6)
(4, 7, 8)
State 6 Expanded:
(1, 2, 3)
(4, 5, 6)
(0, 7, 8)
State 7 Expanded:
(1, 2, 3)
(4, 5, 6)
(7, 0, 8)
Goal State Reached at Depth 8
(1, 2, 3)
(4, 5, 6)
(7, 8, 0)
16 States Expanded to Reach Solution
Max Queue Size: 15

Algorithm: A* with the Manhattan Distance heuristic
States Expanded:
Beginning State:
(1, 3, 6)
(5, 0, 2)
(4, 7, 8)
State 1 Expanded:
(1, 3, 6)
(5, 2, 0)
(4, 7, 8)
State 2 Expanded:
(1, 3, 0)
(5, 2, 6)
(4, 7, 8)
State 3 Expanded:
(1, 0, 3)
(5, 2, 6)
(4, 7, 8)
State 4 Expanded:
(1, 2, 3)
(5, 0, 6)
(4, 7, 8)
State 5 Expanded:
(1, 2, 3)
(0, 5, 6)
(4, 7, 8)
State 6 Expanded:
(1, 2, 3)
(4, 5, 6)
(0, 7, 8)
State 7 Expanded:
(1, 2, 3)
(4, 5, 6)
(7, 0, 8)
Goal State Reached at Depth 8
(1, 2, 3)
(4, 5, 6)
(7, 8, 0)
12 States Expanded to Reach Solution
Max Queue Size: 12
=== Expected to be solved at depth 12 ===
Start State:
(1, 3, 6)
(5, 0, 7)
(4, 8, 2)

Algorithm: Uniform Cost Search
States Expanded:
Beginning State:
(1, 3, 6)
(5, 0, 7)
(4, 8, 2)
State 1 Expanded:
(1, 3, 6)
(5, 7, 0)
(4, 8, 2)
State 2 Expanded:
(1, 3, 6)
(5, 7, 2)
(4, 8, 0)
State 3 Expanded:
(1, 3, 6)
(5, 7, 2)
(4, 0, 8)
State 4 Expanded:
(1, 3, 6)
(5, 0, 2)
(4, 7, 8)
State 5 Expanded:
(1, 3, 6)
(5, 2, 0)
(4, 7, 8)
State 6 Expanded:
(1, 3, 0)
(5, 2, 6)
(4, 7, 8)
State 7 Expanded:
(1, 0, 3)
(5, 2, 6)
(4, 7, 8)
State 8 Expanded:
(1, 2, 3)
(5, 0, 6)
(4, 7, 8)
State 9 Expanded:
(1, 2, 3)
(0, 5, 6)
(4, 7, 8)
State 10 Expanded:
(1, 2, 3)
(4, 5, 6)
(0, 7, 8)
State 11 Expanded:
(1, 2, 3)
(4, 5, 6)
(7, 0, 8)
Goal State Reached at Depth 12
(1, 2, 3)
(4, 5, 6)
(7, 8, 0)
1614 States Expanded to Reach Solution
Max Queue Size: 1000

Algorithm: A* with the Misplaced Tile heuristic
States Expanded:
Beginning State:
(1, 3, 6)
(5, 0, 7)
(4, 8, 2)
State 1 Expanded:
(1, 3, 6)
(5, 7, 0)
(4, 8, 2)
State 2 Expanded:
(1, 3, 6)
(5, 7, 2)
(4, 8, 0)
State 3 Expanded:
(1, 3, 6)
(5, 7, 2)
(4, 0, 8)
State 4 Expanded:
(1, 3, 6)
(5, 0, 2)
(4, 7, 8)
State 5 Expanded:
(1, 3, 6)
(5, 2, 0)
(4, 7, 8)
State 6 Expanded:
(1, 3, 0)
(5, 2, 6)
(4, 7, 8)
State 7 Expanded:
(1, 0, 3)
(5, 2, 6)
(4, 7, 8)
State 8 Expanded:
(1, 2, 3)
(5, 0, 6)
(4, 7, 8)
State 9 Expanded:
(1, 2, 3)
(0, 5, 6)
(4, 7, 8)
State 10 Expanded:
(1, 2, 3)
(4, 5, 6)
(0, 7, 8)
State 11 Expanded:
(1, 2, 3)
(4, 5, 6)
(7, 0, 8)
Goal State Reached at Depth 12
(1, 2, 3)
(4, 5, 6)
(7, 8, 0)
93 States Expanded to Reach Solution
Max Queue Size: 71

Algorithm: A* with the Manhattan Distance heuristic
States Expanded:
Beginning State:
(1, 3, 6)
(5, 0, 7)
(4, 8, 2)
State 1 Expanded:
(1, 3, 6)
(5, 7, 0)
(4, 8, 2)
State 2 Expanded:
(1, 3, 6)
(5, 7, 2)
(4, 8, 0)
State 3 Expanded:
(1, 3, 6)
(5, 7, 2)
(4, 0, 8)
State 4 Expanded:
(1, 3, 6)
(5, 0, 2)
(4, 7, 8)
State 5 Expanded:
(1, 3, 6)
(5, 2, 0)
(4, 7, 8)
State 6 Expanded:
(1, 3, 0)
(5, 2, 6)
(4, 7, 8)
State 7 Expanded:
(1, 0, 3)
(5, 2, 6)
(4, 7, 8)
State 8 Expanded:
(1, 2, 3)
(5, 0, 6)
(4, 7, 8)
State 9 Expanded:
(1, 2, 3)
(0, 5, 6)
(4, 7, 8)
State 10 Expanded:
(1, 2, 3)
(4, 5, 6)
(0, 7, 8)
State 11 Expanded:
(1, 2, 3)
(4, 5, 6)
(7, 0, 8)
Goal State Reached at Depth 12
(1, 2, 3)
(4, 5, 6)
(7, 8, 0)
28 States Expanded to Reach Solution
Max Queue Size: 22
=== Expected to be solved at depth 16 ===
Start State:
(1, 6, 7)
(5, 0, 3)
(4, 8, 2)

Algorithm: Uniform Cost Search
States Expanded:
Beginning State:
(1, 6, 7)
(5, 0, 3)
(4, 8, 2)
State 1 Expanded:
(1, 6, 7)
(5, 3, 0)
(4, 8, 2)
State 2 Expanded:
(1, 6, 0)
(5, 3, 7)
(4, 8, 2)
State 3 Expanded:
(1, 0, 6)
(5, 3, 7)
(4, 8, 2)
State 4 Expanded:
(1, 3, 6)
(5, 0, 7)
(4, 8, 2)
State 5 Expanded:
(1, 3, 6)
(5, 7, 0)
(4, 8, 2)
State 6 Expanded:
(1, 3, 6)
(5, 7, 2)
(4, 8, 0)
State 7 Expanded:
(1, 3, 6)
(5, 7, 2)
(4, 0, 8)
State 8 Expanded:
(1, 3, 6)
(5, 0, 2)
(4, 7, 8)
State 9 Expanded:
(1, 3, 6)
(5, 2, 0)
(4, 7, 8)
State 10 Expanded:
(1, 3, 0)
(5, 2, 6)
(4, 7, 8)
State 11 Expanded:
(1, 0, 3)
(5, 2, 6)
(4, 7, 8)
State 12 Expanded:
(1, 2, 3)
(5, 0, 6)
(4, 7, 8)
State 13 Expanded:
(1, 2, 3)
(0, 5, 6)
(4, 7, 8)
State 14 Expanded:
(1, 2, 3)
(4, 5, 6)
(0, 7, 8)
State 15 Expanded:
(1, 2, 3)
(4, 5, 6)
(7, 0, 8)
Goal State Reached at Depth 16
(1, 2, 3)
(4, 5, 6)
(7, 8, 0)
10223 States Expanded to Reach Solution
Max Queue Size: 5900

Algorithm: A* with the Misplaced Tile heuristic
States Expanded:
Beginning State:
(1, 6, 7)
(5, 0, 3)
(4, 8, 2)
State 1 Expanded:
(1, 6, 7)
(5, 3, 0)
(4, 8, 2)
State 2 Expanded:
(1, 6, 0)
(5, 3, 7)
(4, 8, 2)
State 3 Expanded:
(1, 0, 6)
(5, 3, 7)
(4, 8, 2)
State 4 Expanded:
(1, 3, 6)
(5, 0, 7)
(4, 8, 2)
State 5 Expanded:
(1, 3, 6)
(5, 7, 0)
(4, 8, 2)
State 6 Expanded:
(1, 3, 6)
(5, 7, 2)
(4, 8, 0)
State 7 Expanded:
(1, 3, 6)
(5, 7, 2)
(4, 0, 8)
State 8 Expanded:
(1, 3, 6)
(5, 0, 2)
(4, 7, 8)
State 9 Expanded:
(1, 3, 6)
(5, 2, 0)
(4, 7, 8)
State 10 Expanded:
(1, 3, 0)
(5, 2, 6)
(4, 7, 8)
State 11 Expanded:
(1, 0, 3)
(5, 2, 6)
(4, 7, 8)
State 12 Expanded:
(1, 2, 3)
(5, 0, 6)
(4, 7, 8)
State 13 Expanded:
(1, 2, 3)
(0, 5, 6)
(4, 7, 8)
State 14 Expanded:
(1, 2, 3)
(4, 5, 6)
(0, 7, 8)
State 15 Expanded:
(1, 2, 3)
(4, 5, 6)
(7, 0, 8)
Goal State Reached at Depth 16
(1, 2, 3)
(4, 5, 6)
(7, 8, 0)
488 States Expanded to Reach Solution
Max Queue Size: 312

Algorithm: A* with the Manhattan Distance heuristic
States Expanded:
Beginning State:
(1, 6, 7)
(5, 0, 3)
(4, 8, 2)
State 1 Expanded:
(1, 6, 7)
(5, 3, 0)
(4, 8, 2)
State 2 Expanded:
(1, 6, 0)
(5, 3, 7)
(4, 8, 2)
State 3 Expanded:
(1, 0, 6)
(5, 3, 7)
(4, 8, 2)
State 4 Expanded:
(1, 3, 6)
(5, 0, 7)
(4, 8, 2)
State 5 Expanded:
(1, 3, 6)
(5, 7, 0)
(4, 8, 2)
State 6 Expanded:
(1, 3, 6)
(5, 7, 2)
(4, 8, 0)
State 7 Expanded:
(1, 3, 6)
(5, 7, 2)
(4, 0, 8)
State 8 Expanded:
(1, 3, 6)
(5, 0, 2)
(4, 7, 8)
State 9 Expanded:
(1, 3, 6)
(5, 2, 0)
(4, 7, 8)
State 10 Expanded:
(1, 3, 0)
(5, 2, 6)
(4, 7, 8)
State 11 Expanded:
(1, 0, 3)
(5, 2, 6)
(4, 7, 8)
State 12 Expanded:
(1, 2, 3)
(5, 0, 6)
(4, 7, 8)
State 13 Expanded:
(1, 2, 3)
(0, 5, 6)
(4, 7, 8)
State 14 Expanded:
(1, 2, 3)
(4, 5, 6)
(0, 7, 8)
State 15 Expanded:
(1, 2, 3)
(4, 5, 6)
(7, 0, 8)
Goal State Reached at Depth 16
(1, 2, 3)
(4, 5, 6)
(7, 8, 0)
55 States Expanded to Reach Solution
Max Queue Size: 35
=== Expected to be solved at depth 20 ===
Start State:
(7, 1, 2)
(4, 8, 5)
(6, 3, 0)

Algorithm: Uniform Cost Search
States Expanded:
Beginning State:
(7, 1, 2)
(4, 8, 5)
(6, 3, 0)
State 1 Expanded:
(7, 1, 2)
(4, 8, 5)
(6, 0, 3)
State 2 Expanded:
(7, 1, 2)
(4, 8, 5)
(0, 6, 3)
State 3 Expanded:
(7, 1, 2)
(0, 8, 5)
(4, 6, 3)
State 4 Expanded:
(7, 1, 2)
(8, 0, 5)
(4, 6, 3)
State 5 Expanded:
(7, 1, 2)
(8, 5, 0)
(4, 6, 3)
State 6 Expanded:
(7, 1, 2)
(8, 5, 3)
(4, 6, 0)
State 7 Expanded:
(7, 1, 2)
(8, 5, 3)
(4, 0, 6)
State 8 Expanded:
(7, 1, 2)
(8, 5, 3)
(0, 4, 6)
State 9 Expanded:
(7, 1, 2)
(0, 5, 3)
(8, 4, 6)
State 10 Expanded:
(0, 1, 2)
(7, 5, 3)
(8, 4, 6)
State 11 Expanded:
(1, 0, 2)
(7, 5, 3)
(8, 4, 6)
State 12 Expanded:
(1, 2, 0)
(7, 5, 3)
(8, 4, 6)
State 13 Expanded:
(1, 2, 3)
(7, 5, 0)
(8, 4, 6)
State 14 Expanded:
(1, 2, 3)
(7, 0, 5)
(8, 4, 6)
State 15 Expanded:
(1, 2, 3)
(7, 4, 5)
(8, 0, 6)
State 16 Expanded:
(1, 2, 3)
(7, 4, 5)
(0, 8, 6)
State 17 Expanded:
(1, 2, 3)
(0, 4, 5)
(7, 8, 6)
State 18 Expanded:
(1, 2, 3)
(4, 0, 5)
(7, 8, 6)
State 19 Expanded:
(1, 2, 3)
(4, 5, 0)
(7, 8, 6)
Goal State Reached at Depth 20
(1, 2, 3)
(4, 5, 6)
(7, 8, 0)
41249 States Expanded to Reach Solution
Max Queue Size: 19892

Algorithm: A* with the Misplaced Tile heuristic
States Expanded:
Beginning State:
(7, 1, 2)
(4, 8, 5)
(6, 3, 0)
State 1 Expanded:
(7, 1, 2)
(4, 8, 5)
(6, 0, 3)
State 2 Expanded:
(7, 1, 2)
(4, 8, 5)
(0, 6, 3)
State 3 Expanded:
(7, 1, 2)
(0, 8, 5)
(4, 6, 3)
State 4 Expanded:
(7, 1, 2)
(8, 0, 5)
(4, 6, 3)
State 5 Expanded:
(7, 1, 2)
(8, 5, 0)
(4, 6, 3)
State 6 Expanded:
(7, 1, 2)
(8, 5, 3)
(4, 6, 0)
State 7 Expanded:
(7, 1, 2)
(8, 5, 3)
(4, 0, 6)
State 8 Expanded:
(7, 1, 2)
(8, 5, 3)
(0, 4, 6)
State 9 Expanded:
(7, 1, 2)
(0, 5, 3)
(8, 4, 6)
State 10 Expanded:
(0, 1, 2)
(7, 5, 3)
(8, 4, 6)
State 11 Expanded:
(1, 0, 2)
(7, 5, 3)
(8, 4, 6)
State 12 Expanded:
(1, 2, 0)
(7, 5, 3)
(8, 4, 6)
State 13 Expanded:
(1, 2, 3)
(7, 5, 0)
(8, 4, 6)
State 14 Expanded:
(1, 2, 3)
(7, 0, 5)
(8, 4, 6)
State 15 Expanded:
(1, 2, 3)
(7, 4, 5)
(8, 0, 6)
State 16 Expanded:
(1, 2, 3)
(7, 4, 5)
(0, 8, 6)
State 17 Expanded:
(1, 2, 3)
(0, 4, 5)
(7, 8, 6)
State 18 Expanded:
(1, 2, 3)
(4, 0, 5)
(7, 8, 6)
State 19 Expanded:
(1, 2, 3)
(4, 5, 0)
(7, 8, 6)
Goal State Reached at Depth 20
(1, 2, 3)
(4, 5, 6)
(7, 8, 0)
2157 States Expanded to Reach Solution
Max Queue Size: 1283

Algorithm: A* with the Manhattan Distance heuristic
States Expanded:
Beginning State:
(7, 1, 2)
(4, 8, 5)
(6, 3, 0)
State 1 Expanded:
(7, 1, 2)
(4, 8, 5)
(6, 0, 3)
State 2 Expanded:
(7, 1, 2)
(4, 8, 5)
(0, 6, 3)
State 3 Expanded:
(7, 1, 2)
(0, 8, 5)
(4, 6, 3)
State 4 Expanded:
(7, 1, 2)
(8, 0, 5)
(4, 6, 3)
State 5 Expanded:
(7, 1, 2)
(8, 5, 0)
(4, 6, 3)
State 6 Expanded:
(7, 1, 2)
(8, 5, 3)
(4, 6, 0)
State 7 Expanded:
(7, 1, 2)
(8, 5, 3)
(4, 0, 6)
State 8 Expanded:
(7, 1, 2)
(8, 5, 3)
(0, 4, 6)
State 9 Expanded:
(7, 1, 2)
(0, 5, 3)
(8, 4, 6)
State 10 Expanded:
(0, 1, 2)
(7, 5, 3)
(8, 4, 6)
State 11 Expanded:
(1, 0, 2)
(7, 5, 3)
(8, 4, 6)
State 12 Expanded:
(1, 2, 0)
(7, 5, 3)
(8, 4, 6)
State 13 Expanded:
(1, 2, 3)
(7, 5, 0)
(8, 4, 6)
State 14 Expanded:
(1, 2, 3)
(7, 0, 5)
(8, 4, 6)
State 15 Expanded:
(1, 2, 3)
(7, 4, 5)
(8, 0, 6)
State 16 Expanded:
(1, 2, 3)
(7, 4, 5)
(0, 8, 6)
State 17 Expanded:
(1, 2, 3)
(0, 4, 5)
(7, 8, 6)
State 18 Expanded:
(1, 2, 3)
(4, 0, 5)
(7, 8, 6)
State 19 Expanded:
(1, 2, 3)
(4, 5, 0)
(7, 8, 6)
Goal State Reached at Depth 20
(1, 2, 3)
(4, 5, 6)
(7, 8, 0)
215 States Expanded to Reach Solution
Max Queue Size: 134
=== Expected to be solved at depth 24 ===
Start State:
(0, 7, 2)
(4, 6, 1)
(3, 5, 8)

Algorithm: Uniform Cost Search
States Expanded:
Beginning State:
(0, 7, 2)
(4, 6, 1)
(3, 5, 8)
State 1 Expanded:
(7, 0, 2)
(4, 6, 1)
(3, 5, 8)
State 2 Expanded:
(7, 6, 2)
(4, 0, 1)
(3, 5, 8)
State 3 Expanded:
(7, 6, 2)
(0, 4, 1)
(3, 5, 8)
State 4 Expanded:
(7, 6, 2)
(3, 4, 1)
(0, 5, 8)
State 5 Expanded:
(7, 6, 2)
(3, 4, 1)
(5, 0, 8)
State 6 Expanded:
(7, 6, 2)
(3, 0, 1)
(5, 4, 8)
State 7 Expanded:
(7, 6, 2)
(3, 1, 0)
(5, 4, 8)
State 8 Expanded:
(7, 6, 0)
(3, 1, 2)
(5, 4, 8)
State 9 Expanded:
(7, 0, 6)
(3, 1, 2)
(5, 4, 8)
State 10 Expanded:
(7, 1, 6)
(3, 0, 2)
(5, 4, 8)
State 11 Expanded:
(7, 1, 6)
(0, 3, 2)
(5, 4, 8)
State 12 Expanded:
(0, 1, 6)
(7, 3, 2)
(5, 4, 8)
State 13 Expanded:
(1, 0, 6)
(7, 3, 2)
(5, 4, 8)
State 14 Expanded:
(1, 3, 6)
(7, 0, 2)
(5, 4, 8)
State 15 Expanded:
(1, 3, 6)
(7, 2, 0)
(5, 4, 8)
State 16 Expanded:
(1, 3, 0)
(7, 2, 6)
(5, 4, 8)
State 17 Expanded:
(1, 0, 3)
(7, 2, 6)
(5, 4, 8)
State 18 Expanded:
(1, 2, 3)
(7, 0, 6)
(5, 4, 8)
State 19 Expanded:
(1, 2, 3)
(7, 4, 6)
(5, 0, 8)
State 20 Expanded:
(1, 2, 3)
(7, 4, 6)
(0, 5, 8)
State 21 Expanded:
(1, 2, 3)
(0, 4, 6)
(7, 5, 8)
State 22 Expanded:
(1, 2, 3)
(4, 0, 6)
(7, 5, 8)
State 23 Expanded:
(1, 2, 3)
(4, 5, 6)
(7, 0, 8)
Goal State Reached at Depth 24
(1, 2, 3)
(4, 5, 6)
(7, 8, 0)
121103 States Expanded to Reach Solution
Max Queue Size: 32749

Algorithm: A* with the Misplaced Tile heuristic
States Expanded:
Beginning State:
(0, 7, 2)
(4, 6, 1)
(3, 5, 8)
State 1 Expanded:
(7, 0, 2)
(4, 6, 1)
(3, 5, 8)
State 2 Expanded:
(7, 6, 2)
(4, 0, 1)
(3, 5, 8)
State 3 Expanded:
(7, 6, 2)
(0, 4, 1)
(3, 5, 8)
State 4 Expanded:
(7, 6, 2)
(3, 4, 1)
(0, 5, 8)
State 5 Expanded:
(7, 6, 2)
(3, 4, 1)
(5, 0, 8)
State 6 Expanded:
(7, 6, 2)
(3, 0, 1)
(5, 4, 8)
State 7 Expanded:
(7, 6, 2)
(3, 1, 0)
(5, 4, 8)
State 8 Expanded:
(7, 6, 0)
(3, 1, 2)
(5, 4, 8)
State 9 Expanded:
(7, 0, 6)
(3, 1, 2)
(5, 4, 8)
State 10 Expanded:
(7, 1, 6)
(3, 0, 2)
(5, 4, 8)
State 11 Expanded:
(7, 1, 6)
(0, 3, 2)
(5, 4, 8)
State 12 Expanded:
(0, 1, 6)
(7, 3, 2)
(5, 4, 8)
State 13 Expanded:
(1, 0, 6)
(7, 3, 2)
(5, 4, 8)
State 14 Expanded:
(1, 3, 6)
(7, 0, 2)
(5, 4, 8)
State 15 Expanded:
(1, 3, 6)
(7, 2, 0)
(5, 4, 8)
State 16 Expanded:
(1, 3, 0)
(7, 2, 6)
(5, 4, 8)
State 17 Expanded:
(1, 0, 3)
(7, 2, 6)
(5, 4, 8)
State 18 Expanded:
(1, 2, 3)
(7, 0, 6)
(5, 4, 8)
State 19 Expanded:
(1, 2, 3)
(7, 4, 6)
(5, 0, 8)
State 20 Expanded:
(1, 2, 3)
(7, 4, 6)
(0, 5, 8)
State 21 Expanded:
(1, 2, 3)
(0, 4, 6)
(7, 5, 8)
State 22 Expanded:
(1, 2, 3)
(4, 0, 6)
(7, 5, 8)
State 23 Expanded:
(1, 2, 3)
(4, 5, 6)
(7, 0, 8)
Goal State Reached at Depth 24
(1, 2, 3)
(4, 5, 6)
(7, 8, 0)
12347 States Expanded to Reach Solution
Max Queue Size: 6676

Algorithm: A* with the Manhattan Distance heuristic
States Expanded:
Beginning State:
(0, 7, 2)
(4, 6, 1)
(3, 5, 8)
State 1 Expanded:
(7, 0, 2)
(4, 6, 1)
(3, 5, 8)
State 2 Expanded:
(7, 6, 2)
(4, 0, 1)
(3, 5, 8)
State 3 Expanded:
(7, 6, 2)
(4, 1, 0)
(3, 5, 8)
State 4 Expanded:
(7, 6, 0)
(4, 1, 2)
(3, 5, 8)
State 5 Expanded:
(7, 0, 6)
(4, 1, 2)
(3, 5, 8)
State 6 Expanded:
(7, 1, 6)
(4, 0, 2)
(3, 5, 8)
State 7 Expanded:
(7, 1, 6)
(0, 4, 2)
(3, 5, 8)
State 8 Expanded:
(7, 1, 6)
(3, 4, 2)
(0, 5, 8)
State 9 Expanded:
(7, 1, 6)
(3, 4, 2)
(5, 0, 8)
State 10 Expanded:
(7, 1, 6)
(3, 0, 2)
(5, 4, 8)
State 11 Expanded:
(7, 1, 6)
(0, 3, 2)
(5, 4, 8)
State 12 Expanded:
(0, 1, 6)
(7, 3, 2)
(5, 4, 8)
State 13 Expanded:
(1, 0, 6)
(7, 3, 2)
(5, 4, 8)
State 14 Expanded:
(1, 3, 6)
(7, 0, 2)
(5, 4, 8)
State 15 Expanded:
(1, 3, 6)
(7, 2, 0)
(5, 4, 8)
State 16 Expanded:
(1, 3, 0)
(7, 2, 6)
(5, 4, 8)
State 17 Expanded:
(1, 0, 3)
(7, 2, 6)
(5, 4, 8)
State 18 Expanded:
(1, 2, 3)
(7, 0, 6)
(5, 4, 8)
State 19 Expanded:
(1, 2, 3)
(7, 4, 6)
(5, 0, 8)
State 20 Expanded:
(1, 2, 3)
(7, 4, 6)
(0, 5, 8)
State 21 Expanded:
(1, 2, 3)
(0, 4, 6)
(7, 5, 8)
State 22 Expanded:
(1, 2, 3)
(4, 0, 6)
(7, 5, 8)
State 23 Expanded:
(1, 2, 3)
(4, 5, 6)
(7, 0, 8)
Goal State Reached at Depth 24
(1, 2, 3)
(4, 5, 6)
(7, 8, 0)
1487 States Expanded to Reach Solution
Max Queue Size: 911
